*AD=AAAAAgAAABoAAAA7Aw%3D%3D
ActionMenu=AAAAAgAAAMQAAABLAw%3D%3D
Analog2=AAAAAQAAAAEAAAA4Aw%3D%3D
Analog=AAAAAgAAAHcAAAANAw%3D%3D
AnalogRgb1=AAAAAQAAAAEAAABDAw%3D%3D
AndroidMenu=AAAAAgAAAMQAAABPAw%3D%3D
ApplicationLauncher=AAAAAgAAAMQAAAAqAw%3D%3D
Assists=AAAAAgAAAMQAAAA7Aw%3D%3D
Audio=AAAAAQAAAAEAAAAXAw%3D%3D
AudioMixDown=AAAAAgAAABoAAAA9Aw%3D%3D
AudioMixUp=AAAAAgAAABoAAAA8Aw%3D%3D
AudioOutput_AudioSystem=AAAAAgAAAMQAAAAiAw%3D%3D
AudioOutput_Toggle=AAAAAgAAAMQAAAAkAw%3D%3D
AudioOutput_TVSpeaker=AAAAAgAAAMQAAAAjAw%3D%3D
AudioQualityMode=AAAAAgAAAJcAAAB7Aw%3D%3D
Blue=AAAAAgAAAJcAAAAkAw%3D%3D
BS=AAAAAgAAAJcAAAAsAw%3D%3D
BSCS=AAAAAgAAAJcAAAAQAw%3D%3D
ChannelDown=AAAAAQAAAAEAAAARAw%3D%3D
ChannelUp=AAAAAQAAAAEAAAAQAw%3D%3D
ClosedCaption=AAAAAgAAAKQAAAAQAw%3D%3D
Component1=AAAAAgAAAKQAAAA2Aw%3D%3D
Component2=AAAAAgAAAKQAAAA3Aw%3D%3D
Confirm=AAAAAQAAAAEAAABlAw%3D%3D
CS=AAAAAgAAAJcAAAArAw%3D%3D
CursorDown=AAAAAgAAAJcAAABQAw%3D%3D
CursorLeft=AAAAAgAAAJcAAABNAw%3D%3D
CursorRight=AAAAAgAAAJcAAABOAw%3D%3D
CursorUp=AAAAAgAAAJcAAABPAw%3D%3D
Ddata=AAAAAgAAAJcAAAAVAw%3D%3D
DemoMode=AAAAAgAAAJcAAAB8Aw%3D%3D
DemoSurround=AAAAAgAAAHcAAAB7Aw%3D%3D
Digital=AAAAAgAAAJcAAAAyAw%3D%3D
DigitalToggle=AAAAAgAAAHcAAABSAw%3D%3D
Display=AAAAAQAAAAEAAAA6Aw%3D%3D
DOT=AAAAAgAAAJcAAAAdAw%3D%3D
Down=AAAAAQAAAAEAAAB1Aw%3D%3D
DpadCenter=AAAAAgAAAJcAAABKAw%3D%3D
DUX=AAAAAgAAABoAAABzAw%3D%3D
Enter=AAAAAQAAAAEAAAALAw%3D%3D
EPG=AAAAAgAAAKQAAABbAw%3D%3D
Exit=AAAAAQAAAAEAAABjAw%3D%3D
FeaturedApp=AAAAAgAAAMQAAABEAw%3D%3D
FeaturedAppVOD=AAAAAgAAAMQAAABFAw%3D%3D
FlashMinus=AAAAAgAAAJcAAAB5Aw%3D%3D
FlashPlus=AAAAAgAAAJcAAAB4Aw%3D%3D
FootballMode=AAAAAgAAABoAAAB2Aw%3D%3D
Forward=AAAAAgAAAJcAAAAcAw%3D%3D
GGuide=AAAAAQAAAAEAAAAOAw%3D%3D
GooglePlay=AAAAAgAAAMQAAABGAw%3D%3D
Green=AAAAAgAAAJcAAAAmAw%3D%3D
Hdmi1=AAAAAgAAABoAAABaAw%3D%3D
Hdmi2=AAAAAgAAABoAAABbAw%3D%3D
Hdmi3=AAAAAgAAABoAAABcAw%3D%3D
Hdmi4=AAAAAgAAABoAAABdAw%3D%3D
Help=AAAAAgAAAMQAAABNAw%3D%3D
Home=AAAAAQAAAAEAAABgAw%3D%3D
iManual=AAAAAgAAABoAAAB7Aw%3D%3D
Input=AAAAAQAAAAEAAAAlAw%3D%3D
Jump=AAAAAQAAAAEAAAA7Aw%3D%3D
Left=AAAAAQAAAAEAAAA0Aw%3D%3D
Media=AAAAAgAAAJcAAAA4Aw%3D%3D
MediaAudioTrack=AAAAAQAAAAEAAAAXAw%3D%3D
Mode3D=AAAAAgAAAHcAAABNAw%3D%3D
Mute=AAAAAQAAAAEAAAAUAw%3D%3D
MuteOff=AAAAAgAAAMQAAAAtAw%3D%3D
MuteOn=AAAAAgAAAMQAAAAsAw%3D%3D
Netflix=AAAAAgAAABoAAAB8Aw%3D%3D
Next=AAAAAgAAAJcAAAA9Aw%3D%3D
Num0=AAAAAQAAAAEAAAAJAw%3D%3D
Num11=AAAAAQAAAAEAAAAKAw%3D%3D
Num12=AAAAAQAAAAEAAAALAw%3D%3D
Num1=AAAAAQAAAAEAAAAAAw%3D%3D
Num2=AAAAAQAAAAEAAAABAw%3D%3D
Num3=AAAAAQAAAAEAAAACAw%3D%3D
Num4=AAAAAQAAAAEAAAADAw%3D%3D
Num5=AAAAAQAAAAEAAAAEAw%3D%3D
Num6=AAAAAQAAAAEAAAAFAw%3D%3D
Num7=AAAAAQAAAAEAAAAGAw%3D%3D
Num8=AAAAAQAAAAEAAAAHAw%3D%3D
Num9=AAAAAQAAAAEAAAAIAw%3D%3D
OneTouchTimeRec=AAAAAgAAABoAAABkAw%3D%3D
OneTouchView=AAAAAgAAABoAAABlAw%3D%3D
Options=AAAAAgAAAJcAAAA2Aw%3D%3D
PAP=AAAAAgAAAKQAAAB3Aw%3D%3D
PartnerApp10=AAAAAgAACB8AAAAJAw%3D%3D
PartnerApp11=AAAAAgAACB8AAAAKAw%3D%3D
PartnerApp12=AAAAAgAACB8AAAALAw%3D%3D
PartnerApp13=AAAAAgAACB8AAAAMAw%3D%3D
PartnerApp14=AAAAAgAACB8AAAANAw%3D%3D
PartnerApp15=AAAAAgAACB8AAAAOAw%3D%3D
PartnerApp16=AAAAAgAACB8AAAAPAw%3D%3D
PartnerApp17=AAAAAgAACB8AAAAQAw%3D%3D
PartnerApp18=AAAAAgAACB8AAAARAw%3D%3D
PartnerApp19=AAAAAgAACB8AAAASAw%3D%3D
PartnerApp1=AAAAAgAACB8AAAAAAw%3D%3D
PartnerApp20=AAAAAgAACB8AAAATAw%3D%3D
PartnerApp2=AAAAAgAACB8AAAABAw%3D%3D
PartnerApp3=AAAAAgAACB8AAAACAw%3D%3D
PartnerApp4=AAAAAgAACB8AAAADAw%3D%3D
PartnerApp5=AAAAAgAACB8AAAAEAw%3D%3D
PartnerApp6=AAAAAgAACB8AAAAFAw%3D%3D
PartnerApp7=AAAAAgAACB8AAAAGAw%3D%3D
PartnerApp8=AAAAAgAACB8AAAAHAw%3D%3D
PartnerApp9=AAAAAgAACB8AAAAIAw%3D%3D
Pause=AAAAAgAAAJcAAAAZAw%3D%3D
PhotoFrame=AAAAAgAAABoAAABVAw%3D%3D
PicOff=AAAAAQAAAAEAAAA%2BAw%3D%3D
PictureMode=AAAAAQAAAAEAAABkAw%3D%3D
PictureOff=AAAAAQAAAAEAAAA%2BAw%3D%3D
Play=AAAAAgAAAJcAAAAaAw%3D%3D
PopUpMenu=AAAAAgAAABoAAABhAw%3D%3D
PowerOff=AAAAAQAAAAEAAAAvAw%3D%3D
Prev=AAAAAgAAAJcAAAA8Aw%3D%3D
Rec=AAAAAgAAAJcAAAAgAw%3D%3D
RecorderMenu=AAAAAgAAAMQAAABIAw%3D%3D
Red=AAAAAgAAAJcAAAAlAw%3D%3D
Return=AAAAAgAAAJcAAAAjAw%3D%3D
Rewind=AAAAAgAAAJcAAAAbAw%3D%3D
Right=AAAAAQAAAAEAAAAzAw%3D%3D
ShopRemoteControlForcedDynamic=AAAAAgAAAJcAAABqAw%3D%3D
Sleep=AAAAAQAAAAEAAAAvAw%3D%3D
SleepTimer=AAAAAQAAAAEAAAA2Aw%3D%3D
STBMenu=AAAAAgAAAMQAAABJAw%3D%3D
Stop=AAAAAgAAAJcAAAAYAw%3D%3D
SubTitle=AAAAAgAAAJcAAAAoAw%3D%3D
SyncMenu=AAAAAgAAABoAAABYAw%3D%3D
Teletext=AAAAAQAAAAEAAAA%2FAw%3D%3D
TenKey=AAAAAgAAAJcAAAAMAw%3D%3D
TopMenu=AAAAAgAAABoAAABgAw%3D%3D
Tv=AAAAAQAAAAEAAAAkAw%3D%3D
Tv_Radio=AAAAAgAAABoAAABXAw%3D%3D
TvAnalog=AAAAAQAAAAEAAAA4Aw%3D%3D
TvAntennaCable=AAAAAQAAAAEAAAAqAw%3D%3D
TvInput=AAAAAQAAAAEAAAAlAw%3D%3D
TvPower=AAAAAQAAAAEAAAAVAw%3D%3D
TvSatellite=AAAAAgAAAMQAAABOAw%3D%3D
Up=AAAAAQAAAAEAAAB0Aw%3D%3D
Video1=AAAAAQAAAAEAAABAAw%3D%3D
Video2=AAAAAQAAAAEAAABBAw%3D%3D
VolumeDown=AAAAAQAAAAEAAAATAw%3D%3D
VolumeUp=AAAAAQAAAAEAAAASAw%3D%3D
WakeUp=AAAAAQAAAAEAAAAuAw%3D%3D
Wide=AAAAAgAAAKQAAAA9Aw%3D%3D
WirelessSubwoofer=AAAAAgAAAMQAAAB%2BAw%3D%3D
Yellow=AAAAAgAAAJcAAAAnAw%3D%3D
YouTube=AAAAAgAAAMQAAABHAw%3D%3D
